// Jest Snapshot v1, https://goo.gl/fbAQLP

exports[`renders with query and sample provider 1`] = `
Array [
  <div
    className="MuiGrid-root searchResults MuiGrid-container"
  >
    <div
      className="MuiGrid-root MuiGrid-item MuiGrid-grid-xs-4"
    >
      <img
        className="image"
        onClick={[Function]}
        src="https://imgur.to/500x400"
      />
    </div>
    <div
      className="MuiGrid-root MuiGrid-item MuiGrid-grid-xs-4"
    >
      
    </div>
    <div
      className="MuiGrid-root MuiGrid-item MuiGrid-grid-xs-4"
    >
      
    </div>
  </div>,
  <button
    className="MuiButtonBase-root MuiButton-root MuiButton-contained MuiButton-containedSizeLarge MuiButton-sizeLarge Mui-disabled Mui-disabled"
    disabled={true}
    onBlur={[Function]}
    onClick={[Function]}
    onDragLeave={[Function]}
    onFocus={[Function]}
    onKeyDown={[Function]}
    onKeyUp={[Function]}
    onMouseDown={[Function]}
    onMouseLeave={[Function]}
    onMouseUp={[Function]}
    onTouchEnd={[Function]}
    onTouchMove={[Function]}
    onTouchStart={[Function]}
    tabIndex={-1}
    type="button"
  >
    <span
      className="MuiButton-label"
    >
      Load More
    </span>
  </button>,
  <button
    className="MuiButtonBase-root MuiButton-root MuiButton-contained MuiButton-containedPrimary MuiButton-containedSizeLarge MuiButton-sizeLarge"
    disabled={false}
    onBlur={[Function]}
    onClick={[Function]}
    onDragLeave={[Function]}
    onFocus={[Function]}
    onKeyDown={[Function]}
    onKeyUp={[Function]}
    onMouseDown={[Function]}
    onMouseLeave={[Function]}
    onMouseUp={[Function]}
    onTouchEnd={[Function]}
    onTouchMove={[Function]}
    onTouchStart={[Function]}
    tabIndex={0}
    type="button"
  >
    <span
      className="MuiButton-label"
    >
      Save
    </span>
  </button>,
]
`;
